warning: `VIRTUAL_ENV=C:\Users\njger\AppData\Local\Programs\Python\Python311` does not match the project environment path `.venv` and will be ignored; use `--active` to target the active environment instead
A: generating TECH01 (312 chars)...
  ok: 873858 bytes in 3.512s
A: generating TECH02 (281 chars)...
  ok: 911752 bytes in 2.706s
A: generating TECH03 (323 chars)...
  ok: 1061104 bytes in 3.719s
A: generating TECH04 (289 chars)...
  ok: 798068 bytes in 2.468s
A: generating TECH05 (269 chars)...
  ok: 755714 bytes in 2.5s
A: generating WARM01 (359 chars)...
  ok: 1056644 bytes in 3.674s
A: generating WARM02 (358 chars)...
  ok: 1161414 bytes in 3.856s
A: generating WARM03 (313 chars)...
  ok: 931814 bytes in 3.426s
A: generating WARM04 (296 chars)...
  ok: 856024 bytes in 2.583s
A: generating WARM05 (308 chars)...
  ok: 844878 bytes in 3.375s
A: generating FACT01 (387 chars)...
  ok: 1177018 bytes in 3.849s
A: generating FACT02 (406 chars)...
  ok: 1161414 bytes in 3.745s
A: generating FACT03 (350 chars)...
  ok: 1054416 bytes in 3.694s
A: generating FACT04 (328 chars)...
  ok: 920668 bytes in 3.336s
A: generating FACT05 (367 chars)...
  ok: 1130206 bytes in 3.765s
A: generating EMOT01 (289 chars)...
  ok: 911752 bytes in 2.991s
A: generating EMOT02 (320 chars)...
  ok: 1085624 bytes in 3.824s
A: generating EMOT03 (265 chars)...
  ok: 811442 bytes in 2.448s
A: generating EMOT04 (264 chars)...
  ok: 882774 bytes in 2.671s
A: generating EMOT05 (255 chars)...
  ok: 740110 bytes in 2.324s
