warning: `VIRTUAL_ENV=C:\Users\njger\AppData\Local\Programs\Python\Python311` does not match the project environment path `.venv` and will be ignored; use `--active` to target the active environment instead
──────────────────────── veval generate --mode latency ────────────────────────
Restricted providers: ['elevenlabs']
Cache: disabled
Spend cap: $5.00


────────────────────────────── Summary — latency ──────────────────────────────
  run_id         latency-20260901T191000Z       
  run_dir        runs\latency-20260901T191000Z  
  elapsed        23.3s                          
  total items    50                             
  results        50 ok · 0 failed               

        Per provider        
┌────────────┬────┬────────┐
│ Provider   │ OK │ Failed │
├────────────┼────┼────────┤
│ elevenlabs │ 50 │      — │
└────────────┴────┴────────┘

 Estimated spend (USD)  
┌────────────┬─────────┐
│ Provider   │   Spend │
├────────────┼─────────┤
│ elevenlabs │ $0.1250 │
│ TOTAL      │ $0.1250 │
│ cap        │   $5.00 │
└────────────┴─────────┘
